// Vitest Snapshot v1, https://vitest.dev/guide/snapshot.html

exports[`default tool set > operation ids match the curated snapshot 1`] = `
[
  "analytics.contactsCount",
  "analytics.newContactsCount",
  "broadcasts.create",
  "broadcasts.list",
  "broadcasts.schedule",
  "broadcasts.stop",
  "capabilities.get",
  "contacts.addTags",
  "contacts.count",
  "contacts.create",
  "contacts.get",
  "contacts.list",
  "contacts.listFilterFields",
  "contacts.search",
  "contacts.sendFlow",
  "contacts.sendMessage",
  "contacts.setCustomFields",
  "contacts.subscribeSequences",
  "contacts.update",
  "contacts.upsert",
  "conversations.archive",
  "conversations.assign",
  "conversations.get",
  "conversations.list",
  "customFields.create",
  "customFields.list",
  "flows.create",
  "flows.get",
  "flows.list",
  "flows.publish",
  "flows.validate",
  "inboxes.list",
  "keywords.create",
  "keywords.list",
  "messages.create",
  "messages.list",
  "schemas.flowSpec",
  "sequences.create",
  "sequences.list",
  "tags.create",
  "tags.list",
  "token.get",
  "triggers.create",
  "triggers.list",
]
`;
